// Jest Snapshot v1, https://goo.gl/fbAQLP

exports[`About.test.js renders as expected 1`] = `
<div>
  <h1>
    test
  </h1>
  3
</div>
`;
